[2m17:24:17[22m [31m[1m[vite][22m[39m [31mInternal server error: F:\Documents\报销单开发\frontend\src\pages\Dashboard.jsx: Nullish coalescing operator(??) requires parens when mixing with logical operators. (431:55)

[0m [90m 429 |[31m     [33m<[31m[33mGrid[31m container spacing[33m=[31m{[35m1.25[31m}[33m>[31m
 [90m 430 |[31m       {months[33m.[31mmap((month[33m,[31m index) [33m=>[31m {
[31m[1m>[22m[31m[90m 431 |[31m         [36mconst[31m showYear [33m=[31m month[33m.[31mshowYear [33m?[31m[33m?[31m index [33m===[31m [35m0[31m [33m||[31m month[33m.[31mmonthNumber [33m===[31m [35m1[31m[33m;[31m
 [90m     |[31m                                                        [31m[1m^[22m[31m
 [90m 432 |[31m         [36mreturn[31m (
 [90m 433 |[31m           [33m<[31m[33mGrid[31m item xs[33m=[31m{[35m12[31m} sm[33m=[31m{[35m6[31m} md[33m=[31m{[35m4[31m} lg[33m=[31m{[35m3[31m} xl[33m=[31m{[35m2[31m} key[33m=[31m{month[33m.[31mmonth}[33m>[31m
 [90m 434 |[31m             [33m<[31m[33mCard[31m[0m[39m
  Plugin: [35mvite:react-babel[39m
  File: [36mF:/Documents/报销单开发/frontend/src/pages/Dashboard.jsx[39m:431:55
[33m  429|      <Grid container spacing={1.25}>
  430|        {months.map((month, index) => {
  431|          const showYear = month.showYear ?? index === 0 || month.monthNumber === 1;
     |                                                         ^
  432|          return (
  433|            <Grid item xs={12} sm={6} md={4} lg={3} xl={2} key={month.month}>[39m
      at constructor (F:\Documents\报销单开发\frontend\node_modules\@babel\parser\lib\index.js:365:19)
      at JSXParserMixin.raise (F:\Documents\报销单开发\frontend\node_modules\@babel\parser\lib\index.js:6616:19)
      at JSXParserMixin.parseExprOp (F:\Documents\报销单开发\frontend\node_modules\@babel\parser\lib\index.js:10968:22)
      at JSXParserMixin.parseExprOps (F:\Documents\报销单开发\frontend\node_modules\@babel\parser\lib\index.js:10925:17)
      at JSXParserMixin.parseMaybeConditional (F:\Documents\报销单开发\frontend\node_modules\@babel\parser\lib\index.js:10898:23)
      at JSXParserMixin.parseMaybeAssign (F:\Documents\报销单开发\frontend\node_modules\@babel\parser\lib\index.js:10848:21)
      at F:\Documents\报销单开发\frontend\node_modules\@babel\parser\lib\index.js:10817:39
      at JSXParserMixin.allowInAnd (F:\Documents\报销单开发\frontend\node_modules\@babel\parser\lib\index.js:12438:16)
      at JSXParserMixin.parseMaybeAssignAllowIn (F:\Documents\报销单开发\frontend\node_modules\@babel\parser\lib\index.js:10817:17)
      at JSXParserMixin.parseVar (F:\Documents\报销单开发\frontend\node_modules\@babel\parser\lib\index.js:13401:91)
      at JSXParserMixin.parseVarStatement (F:\Documents\报销单开发\frontend\node_modules\@babel\parser\lib\index.js:13247:10)
      at JSXParserMixin.parseStatementContent (F:\Documents\报销单开发\frontend\node_modules\@babel\parser\lib\index.js:12868:23)
      at JSXParserMixin.parseStatementLike (F:\Documents\报销单开发\frontend\node_modules\@babel\parser\lib\index.js:12784:17)
      at JSXParserMixin.parseStatementListItem (F:\Documents\报销单开发\frontend\node_modules\@babel\parser\lib\index.js:12764:17)
      at JSXParserMixin.parseBlockOrModuleBlockBody (F:\Documents\报销单开发\frontend\node_modules\@babel\parser\lib\index.js:13333:61)
      at JSXParserMixin.parseBlockBody (F:\Documents\报销单开发\frontend\node_modules\@babel\parser\lib\index.js:13326:10)
      at JSXParserMixin.parseBlock (F:\Documents\报销单开发\frontend\node_modules\@babel\parser\lib\index.js:13314:10)
      at JSXParserMixin.parseFunctionBody (F:\Documents\报销单开发\frontend\node_modules\@babel\parser\lib\index.js:12117:24)
      at JSXParserMixin.parseArrowExpression (F:\Documents\报销单开发\frontend\node_modules\@babel\parser\lib\index.js:12092:10)
      at JSXParserMixin.parseParenAndDistinguishExpression (F:\Documents\报销单开发\frontend\node_modules\@babel\parser\lib\index.js:11704:12)
      at JSXParserMixin.parseExprAtom (F:\Documents\报销单开发\frontend\node_modules\@babel\parser\lib\index.js:11348:23)
      at JSXParserMixin.parseExprAtom (F:\Documents\报销单开发\frontend\node_modules\@babel\parser\lib\index.js:4776:20)
      at JSXParserMixin.parseExprSubscripts (F:\Documents\报销单开发\frontend\node_modules\@babel\parser\lib\index.js:11098:23)
      at JSXParserMixin.parseUpdate (F:\Documents\报销单开发\frontend\node_modules\@babel\parser\lib\index.js:11083:21)
      at JSXParserMixin.parseMaybeUnary (F:\Documents\报销单开发\frontend\node_modules\@babel\parser\lib\index.js:11063:23)
      at JSXParserMixin.parseMaybeUnaryOrPrivate (F:\Documents\报销单开发\frontend\node_modules\@babel\parser\lib\index.js:10916:61)
      at JSXParserMixin.parseExprOps (F:\Documents\报销单开发\frontend\node_modules\@babel\parser\lib\index.js:10921:23)
      at JSXParserMixin.parseMaybeConditional (F:\Documents\报销单开发\frontend\node_modules\@babel\parser\lib\index.js:10898:23)
      at JSXParserMixin.parseMaybeAssign (F:\Documents\报销单开发\frontend\node_modules\@babel\parser\lib\index.js:10848:21)
      at F:\Documents\报销单开发\frontend\node_modules\@babel\parser\lib\index.js:10817:39
      at JSXParserMixin.allowInAnd (F:\Documents\报销单开发\frontend\node_modules\@babel\parser\lib\index.js:12443:12)
      at JSXParserMixin.parseMaybeAssignAllowIn (F:\Documents\报销单开发\frontend\node_modules\@babel\parser\lib\index.js:10817:17)
      at JSXParserMixin.parseMaybeAssignAllowInOrVoidPattern (F:\Documents\报销单开发\frontend\node_modules\@babel\parser\lib\index.js:12510:17)
      at JSXParserMixin.parseExprListItem (F:\Documents\报销单开发\frontend\node_modules\@babel\parser\lib\index.js:12192:18)
      at JSXParserMixin.parseCallExpressionArguments (F:\Documents\报销单开发\frontend\node_modules\@babel\parser\lib\index.js:11269:22)
      at JSXParserMixin.parseCoverCallAndAsyncArrowHead (F:\Documents\报销单开发\frontend\node_modules\@babel\parser\lib\index.js:11203:29)
      at JSXParserMixin.parseSubscript (F:\Documents\报销单开发\frontend\node_modules\@babel\parser\lib\index.js:11137:19)
      at JSXParserMixin.parseSubscripts (F:\Documents\报销单开发\frontend\node_modules\@babel\parser\lib\index.js:11111:19)
      at JSXParserMixin.parseExprSubscripts (F:\Documents\报销单开发\frontend\node_modules\@babel\parser\lib\index.js:11102:17)
      at JSXParserMixin.parseUpdate (F:\Documents\报销单开发\frontend\node_modules\@babel\parser\lib\index.js:11083:21)
      at JSXParserMixin.parseMaybeUnary (F:\Documents\报销单开发\frontend\node_modules\@babel\parser\lib\index.js:11063:23)
      at JSXParserMixin.parseMaybeUnaryOrPrivate (F:\Documents\报销单开发\frontend\node_modules\@babel\parser\lib\index.js:10916:61)
      at JSXParserMixin.parseExprOps (F:\Documents\报销单开发\frontend\node_modules\@babel\parser\lib\index.js:10921:23)
      at JSXParserMixin.parseMaybeConditional (F:\Documents\报销单开发\frontend\node_modules\@babel\parser\lib\index.js:10898:23)
      at JSXParserMixin.parseMaybeAssign (F:\Documents\报销单开发\frontend\node_modules\@babel\parser\lib\index.js:10848:21)
      at JSXParserMixin.parseExpressionBase (F:\Documents\报销单开发\frontend\node_modules\@babel\parser\lib\index.js:10801:23)
      at F:\Documents\报销单开发\frontend\node_modules\@babel\parser\lib\index.js:10797:39
      at JSXParserMixin.allowInAnd (F:\Documents\报销单开发\frontend\node_modules\@babel\parser\lib\index.js:12443:12)
      at JSXParserMixin.parseExpression (F:\Documents\报销单开发\frontend\node_modules\@babel\parser\lib\index.js:10797:17)
      at JSXParserMixin.jsxParseExpressionContainer (F:\Documents\报销单开发\frontend\node_modules\@babel\parser\lib\index.js:4644:31)
[2m17:24:18[22m [31m[1m[vite][22m[39m [31mInternal server error: F:\Documents\报销单开发\frontend\src\pages\Dashboard.jsx: Nullish coalescing operator(??) requires parens when mixing with logical operators. (431:55)

[0m [90m 429 |[31m     [33m<[31m[33mGrid[31m container spacing[33m=[31m{[35m1.25[31m}[33m>[31m
 [90m 430 |[31m       {months[33m.[31mmap((month[33m,[31m index) [33m=>[31m {
[31m[1m>[22m[31m[90m 431 |[31m         [36mconst[31m showYear [33m=[31m month[33m.[31mshowYear [33m?[31m[33m?[31m index [33m===[31m [35m0[31m [33m||[31m month[33m.[31mmonthNumber [33m===[31m [35m1[31m[33m;[31m
 [90m     |[31m                                                        [31m[1m^[22m[31m
 [90m 432 |[31m         [36mreturn[31m (
 [90m 433 |[31m           [33m<[31m[33mGrid[31m item xs[33m=[31m{[35m12[31m} sm[33m=[31m{[35m6[31m} md[33m=[31m{[35m4[31m} lg[33m=[31m{[35m3[31m} xl[33m=[31m{[35m2[31m} key[33m=[31m{month[33m.[31mmonth}[33m>[31m
 [90m 434 |[31m             [33m<[31m[33mCard[31m[0m[39m
  Plugin: [35mvite:react-babel[39m
  File: [36mF:/Documents/报销单开发/frontend/src/pages/Dashboard.jsx[39m:431:55
[33m  429|      <Grid container spacing={1.25}>
  430|        {months.map((month, index) => {
  431|          const showYear = month.showYear ?? index === 0 || month.monthNumber === 1;
     |                                                         ^
  432|          return (
  433|            <Grid item xs={12} sm={6} md={4} lg={3} xl={2} key={month.month}>[39m
      at constructor (F:\Documents\报销单开发\frontend\node_modules\@babel\parser\lib\index.js:365:19)
      at JSXParserMixin.raise (F:\Documents\报销单开发\frontend\node_modules\@babel\parser\lib\index.js:6616:19)
      at JSXParserMixin.parseExprOp (F:\Documents\报销单开发\frontend\node_modules\@babel\parser\lib\index.js:10968:22)
      at JSXParserMixin.parseExprOps (F:\Documents\报销单开发\frontend\node_modules\@babel\parser\lib\index.js:10925:17)
      at JSXParserMixin.parseMaybeConditional (F:\Documents\报销单开发\frontend\node_modules\@babel\parser\lib\index.js:10898:23)
      at JSXParserMixin.parseMaybeAssign (F:\Documents\报销单开发\frontend\node_modules\@babel\parser\lib\index.js:10848:21)
      at F:\Documents\报销单开发\frontend\node_modules\@babel\parser\lib\index.js:10817:39
      at JSXParserMixin.allowInAnd (F:\Documents\报销单开发\frontend\node_modules\@babel\parser\lib\index.js:12438:16)
      at JSXParserMixin.parseMaybeAssignAllowIn (F:\Documents\报销单开发\frontend\node_modules\@babel\parser\lib\index.js:10817:17)
      at JSXParserMixin.parseVar (F:\Documents\报销单开发\frontend\node_modules\@babel\parser\lib\index.js:13401:91)
      at JSXParserMixin.parseVarStatement (F:\Documents\报销单开发\frontend\node_modules\@babel\parser\lib\index.js:13247:10)
      at JSXParserMixin.parseStatementContent (F:\Documents\报销单开发\frontend\node_modules\@babel\parser\lib\index.js:12868:23)
      at JSXParserMixin.parseStatementLike (F:\Documents\报销单开发\frontend\node_modules\@babel\parser\lib\index.js:12784:17)
      at JSXParserMixin.parseStatementListItem (F:\Documents\报销单开发\frontend\node_modules\@babel\parser\lib\index.js:12764:17)
      at JSXParserMixin.parseBlockOrModuleBlockBody (F:\Documents\报销单开发\frontend\node_modules\@babel\parser\lib\index.js:13333:61)
      at JSXParserMixin.parseBlockBody (F:\Documents\报销单开发\frontend\node_modules\@babel\parser\lib\index.js:13326:10)
      at JSXParserMixin.parseBlock (F:\Documents\报销单开发\frontend\node_modules\@babel\parser\lib\index.js:13314:10)
      at JSXParserMixin.parseFunctionBody (F:\Documents\报销单开发\frontend\node_modules\@babel\parser\lib\index.js:12117:24)
      at JSXParserMixin.parseArrowExpression (F:\Documents\报销单开发\frontend\node_modules\@babel\parser\lib\index.js:12092:10)
      at JSXParserMixin.parseParenAndDistinguishExpression (F:\Documents\报销单开发\frontend\node_modules\@babel\parser\lib\index.js:11704:12)
      at JSXParserMixin.parseExprAtom (F:\Documents\报销单开发\frontend\node_modules\@babel\parser\lib\index.js:11348:23)
      at JSXParserMixin.parseExprAtom (F:\Documents\报销单开发\frontend\node_modules\@babel\parser\lib\index.js:4776:20)
      at JSXParserMixin.parseExprSubscripts (F:\Documents\报销单开发\frontend\node_modules\@babel\parser\lib\index.js:11098:23)
      at JSXParserMixin.parseUpdate (F:\Documents\报销单开发\frontend\node_modules\@babel\parser\lib\index.js:11083:21)
      at JSXParserMixin.parseMaybeUnary (F:\Documents\报销单开发\frontend\node_modules\@babel\parser\lib\index.js:11063:23)
      at JSXParserMixin.parseMaybeUnaryOrPrivate (F:\Documents\报销单开发\frontend\node_modules\@babel\parser\lib\index.js:10916:61)
      at JSXParserMixin.parseExprOps (F:\Documents\报销单开发\frontend\node_modules\@babel\parser\lib\index.js:10921:23)
      at JSXParserMixin.parseMaybeConditional (F:\Documents\报销单开发\frontend\node_modules\@babel\parser\lib\index.js:10898:23)
      at JSXParserMixin.parseMaybeAssign (F:\Documents\报销单开发\frontend\node_modules\@babel\parser\lib\index.js:10848:21)
      at F:\Documents\报销单开发\frontend\node_modules\@babel\parser\lib\index.js:10817:39
      at JSXParserMixin.allowInAnd (F:\Documents\报销单开发\frontend\node_modules\@babel\parser\lib\index.js:12443:12)
      at JSXParserMixin.parseMaybeAssignAllowIn (F:\Documents\报销单开发\frontend\node_modules\@babel\parser\lib\index.js:10817:17)
      at JSXParserMixin.parseMaybeAssignAllowInOrVoidPattern (F:\Documents\报销单开发\frontend\node_modules\@babel\parser\lib\index.js:12510:17)
      at JSXParserMixin.parseExprListItem (F:\Documents\报销单开发\frontend\node_modules\@babel\parser\lib\index.js:12192:18)
      at JSXParserMixin.parseCallExpressionArguments (F:\Documents\报销单开发\frontend\node_modules\@babel\parser\lib\index.js:11269:22)
      at JSXParserMixin.parseCoverCallAndAsyncArrowHead (F:\Documents\报销单开发\frontend\node_modules\@babel\parser\lib\index.js:11203:29)
      at JSXParserMixin.parseSubscript (F:\Documents\报销单开发\frontend\node_modules\@babel\parser\lib\index.js:11137:19)
      at JSXParserMixin.parseSubscripts (F:\Documents\报销单开发\frontend\node_modules\@babel\parser\lib\index.js:11111:19)
      at JSXParserMixin.parseExprSubscripts (F:\Documents\报销单开发\frontend\node_modules\@babel\parser\lib\index.js:11102:17)
      at JSXParserMixin.parseUpdate (F:\Documents\报销单开发\frontend\node_modules\@babel\parser\lib\index.js:11083:21)
      at JSXParserMixin.parseMaybeUnary (F:\Documents\报销单开发\frontend\node_modules\@babel\parser\lib\index.js:11063:23)
      at JSXParserMixin.parseMaybeUnaryOrPrivate (F:\Documents\报销单开发\frontend\node_modules\@babel\parser\lib\index.js:10916:61)
      at JSXParserMixin.parseExprOps (F:\Documents\报销单开发\frontend\node_modules\@babel\parser\lib\index.js:10921:23)
      at JSXParserMixin.parseMaybeConditional (F:\Documents\报销单开发\frontend\node_modules\@babel\parser\lib\index.js:10898:23)
      at JSXParserMixin.parseMaybeAssign (F:\Documents\报销单开发\frontend\node_modules\@babel\parser\lib\index.js:10848:21)
      at JSXParserMixin.parseExpressionBase (F:\Documents\报销单开发\frontend\node_modules\@babel\parser\lib\index.js:10801:23)
      at F:\Documents\报销单开发\frontend\node_modules\@babel\parser\lib\index.js:10797:39
      at JSXParserMixin.allowInAnd (F:\Documents\报销单开发\frontend\node_modules\@babel\parser\lib\index.js:12443:12)
      at JSXParserMixin.parseExpression (F:\Documents\报销单开发\frontend\node_modules\@babel\parser\lib\index.js:10797:17)
      at JSXParserMixin.jsxParseExpressionContainer (F:\Documents\报销单开发\frontend\node_modules\@babel\parser\lib\index.js:4644:31)
[2m17:24:48[22m [31m[1m[vite][22m[39m [31mInternal server error: F:\Documents\报销单开发\frontend\src\pages\Dashboard.jsx: Nullish coalescing operator(??) requires parens when mixing with logical operators. (431:55)

[0m [90m 429 |[31m     [33m<[31m[33mGrid[31m container spacing[33m=[31m{[35m1.25[31m}[33m>[31m
 [90m 430 |[31m       {months[33m.[31mmap((month[33m,[31m index) [33m=>[31m {
[31m[1m>[22m[31m[90m 431 |[31m         [36mconst[31m showYear [33m=[31m month[33m.[31mshowYear [33m?[31m[33m?[31m index [33m===[31m [35m0[31m [33m||[31m month[33m.[31mmonthNumber [33m===[31m [35m1[31m[33m;[31m
 [90m     |[31m                                                        [31m[1m^[22m[31m
 [90m 432 |[31m         [36mreturn[31m (
 [90m 433 |[31m           [33m<[31m[33mGrid[31m item xs[33m=[31m{[35m12[31m} sm[33m=[31m{[35m6[31m} md[33m=[31m{[35m4[31m} lg[33m=[31m{[35m3[31m} xl[33m=[31m{[35m2[31m} key[33m=[31m{month[33m.[31mmonth}[33m>[31m
 [90m 434 |[31m             [33m<[31m[33mCard[31m[0m[39m
  Plugin: [35mvite:react-babel[39m
  File: [36mF:/Documents/报销单开发/frontend/src/pages/Dashboard.jsx[39m:431:55
[33m  429|      <Grid container spacing={1.25}>
  430|        {months.map((month, index) => {
  431|          const showYear = month.showYear ?? index === 0 || month.monthNumber === 1;
     |                                                         ^
  432|          return (
  433|            <Grid item xs={12} sm={6} md={4} lg={3} xl={2} key={month.month}>[39m
      at constructor (F:\Documents\报销单开发\frontend\node_modules\@babel\parser\lib\index.js:365:19)
      at JSXParserMixin.raise (F:\Documents\报销单开发\frontend\node_modules\@babel\parser\lib\index.js:6616:19)
      at JSXParserMixin.parseExprOp (F:\Documents\报销单开发\frontend\node_modules\@babel\parser\lib\index.js:10968:22)
      at JSXParserMixin.parseExprOps (F:\Documents\报销单开发\frontend\node_modules\@babel\parser\lib\index.js:10925:17)
      at JSXParserMixin.parseMaybeConditional (F:\Documents\报销单开发\frontend\node_modules\@babel\parser\lib\index.js:10898:23)
      at JSXParserMixin.parseMaybeAssign (F:\Documents\报销单开发\frontend\node_modules\@babel\parser\lib\index.js:10848:21)
      at F:\Documents\报销单开发\frontend\node_modules\@babel\parser\lib\index.js:10817:39
      at JSXParserMixin.allowInAnd (F:\Documents\报销单开发\frontend\node_modules\@babel\parser\lib\index.js:12438:16)
      at JSXParserMixin.parseMaybeAssignAllowIn (F:\Documents\报销单开发\frontend\node_modules\@babel\parser\lib\index.js:10817:17)
      at JSXParserMixin.parseVar (F:\Documents\报销单开发\frontend\node_modules\@babel\parser\lib\index.js:13401:91)
      at JSXParserMixin.parseVarStatement (F:\Documents\报销单开发\frontend\node_modules\@babel\parser\lib\index.js:13247:10)
      at JSXParserMixin.parseStatementContent (F:\Documents\报销单开发\frontend\node_modules\@babel\parser\lib\index.js:12868:23)
      at JSXParserMixin.parseStatementLike (F:\Documents\报销单开发\frontend\node_modules\@babel\parser\lib\index.js:12784:17)
      at JSXParserMixin.parseStatementListItem (F:\Documents\报销单开发\frontend\node_modules\@babel\parser\lib\index.js:12764:17)
      at JSXParserMixin.parseBlockOrModuleBlockBody (F:\Documents\报销单开发\frontend\node_modules\@babel\parser\lib\index.js:13333:61)
      at JSXParserMixin.parseBlockBody (F:\Documents\报销单开发\frontend\node_modules\@babel\parser\lib\index.js:13326:10)
      at JSXParserMixin.parseBlock (F:\Documents\报销单开发\frontend\node_modules\@babel\parser\lib\index.js:13314:10)
      at JSXParserMixin.parseFunctionBody (F:\Documents\报销单开发\frontend\node_modules\@babel\parser\lib\index.js:12117:24)
      at JSXParserMixin.parseArrowExpression (F:\Documents\报销单开发\frontend\node_modules\@babel\parser\lib\index.js:12092:10)
      at JSXParserMixin.parseParenAndDistinguishExpression (F:\Documents\报销单开发\frontend\node_modules\@babel\parser\lib\index.js:11704:12)
      at JSXParserMixin.parseExprAtom (F:\Documents\报销单开发\frontend\node_modules\@babel\parser\lib\index.js:11348:23)
      at JSXParserMixin.parseExprAtom (F:\Documents\报销单开发\frontend\node_modules\@babel\parser\lib\index.js:4776:20)
      at JSXParserMixin.parseExprSubscripts (F:\Documents\报销单开发\frontend\node_modules\@babel\parser\lib\index.js:11098:23)
      at JSXParserMixin.parseUpdate (F:\Documents\报销单开发\frontend\node_modules\@babel\parser\lib\index.js:11083:21)
      at JSXParserMixin.parseMaybeUnary (F:\Documents\报销单开发\frontend\node_modules\@babel\parser\lib\index.js:11063:23)
      at JSXParserMixin.parseMaybeUnaryOrPrivate (F:\Documents\报销单开发\frontend\node_modules\@babel\parser\lib\index.js:10916:61)
      at JSXParserMixin.parseExprOps (F:\Documents\报销单开发\frontend\node_modules\@babel\parser\lib\index.js:10921:23)
      at JSXParserMixin.parseMaybeConditional (F:\Documents\报销单开发\frontend\node_modules\@babel\parser\lib\index.js:10898:23)
      at JSXParserMixin.parseMaybeAssign (F:\Documents\报销单开发\frontend\node_modules\@babel\parser\lib\index.js:10848:21)
      at F:\Documents\报销单开发\frontend\node_modules\@babel\parser\lib\index.js:10817:39
      at JSXParserMixin.allowInAnd (F:\Documents\报销单开发\frontend\node_modules\@babel\parser\lib\index.js:12443:12)
      at JSXParserMixin.parseMaybeAssignAllowIn (F:\Documents\报销单开发\frontend\node_modules\@babel\parser\lib\index.js:10817:17)
      at JSXParserMixin.parseMaybeAssignAllowInOrVoidPattern (F:\Documents\报销单开发\frontend\node_modules\@babel\parser\lib\index.js:12510:17)
      at JSXParserMixin.parseExprListItem (F:\Documents\报销单开发\frontend\node_modules\@babel\parser\lib\index.js:12192:18)
      at JSXParserMixin.parseCallExpressionArguments (F:\Documents\报销单开发\frontend\node_modules\@babel\parser\lib\index.js:11269:22)
      at JSXParserMixin.parseCoverCallAndAsyncArrowHead (F:\Documents\报销单开发\frontend\node_modules\@babel\parser\lib\index.js:11203:29)
      at JSXParserMixin.parseSubscript (F:\Documents\报销单开发\frontend\node_modules\@babel\parser\lib\index.js:11137:19)
      at JSXParserMixin.parseSubscripts (F:\Documents\报销单开发\frontend\node_modules\@babel\parser\lib\index.js:11111:19)
      at JSXParserMixin.parseExprSubscripts (F:\Documents\报销单开发\frontend\node_modules\@babel\parser\lib\index.js:11102:17)
      at JSXParserMixin.parseUpdate (F:\Documents\报销单开发\frontend\node_modules\@babel\parser\lib\index.js:11083:21)
      at JSXParserMixin.parseMaybeUnary (F:\Documents\报销单开发\frontend\node_modules\@babel\parser\lib\index.js:11063:23)
      at JSXParserMixin.parseMaybeUnaryOrPrivate (F:\Documents\报销单开发\frontend\node_modules\@babel\parser\lib\index.js:10916:61)
      at JSXParserMixin.parseExprOps (F:\Documents\报销单开发\frontend\node_modules\@babel\parser\lib\index.js:10921:23)
      at JSXParserMixin.parseMaybeConditional (F:\Documents\报销单开发\frontend\node_modules\@babel\parser\lib\index.js:10898:23)
      at JSXParserMixin.parseMaybeAssign (F:\Documents\报销单开发\frontend\node_modules\@babel\parser\lib\index.js:10848:21)
      at JSXParserMixin.parseExpressionBase (F:\Documents\报销单开发\frontend\node_modules\@babel\parser\lib\index.js:10801:23)
      at F:\Documents\报销单开发\frontend\node_modules\@babel\parser\lib\index.js:10797:39
      at JSXParserMixin.allowInAnd (F:\Documents\报销单开发\frontend\node_modules\@babel\parser\lib\index.js:12443:12)
      at JSXParserMixin.parseExpression (F:\Documents\报销单开发\frontend\node_modules\@babel\parser\lib\index.js:10797:17)
      at JSXParserMixin.jsxParseExpressionContainer (F:\Documents\报销单开发\frontend\node_modules\@babel\parser\lib\index.js:4644:31)
[2m17:24:48[22m [31m[1m[vite][22m[39m [31mInternal server error: F:\Documents\报销单开发\frontend\src\pages\Dashboard.jsx: Nullish coalescing operator(??) requires parens when mixing with logical operators. (431:55)

[0m [90m 429 |[31m     [33m<[31m[33mGrid[31m container spacing[33m=[31m{[35m1.25[31m}[33m>[31m
 [90m 430 |[31m       {months[33m.[31mmap((month[33m,[31m index) [33m=>[31m {
[31m[1m>[22m[31m[90m 431 |[31m         [36mconst[31m showYear [33m=[31m month[33m.[31mshowYear [33m?[31m[33m?[31m index [33m===[31m [35m0[31m [33m||[31m month[33m.[31mmonthNumber [33m===[31m [35m1[31m[33m;[31m
 [90m     |[31m                                                        [31m[1m^[22m[31m
 [90m 432 |[31m         [36mreturn[31m (
 [90m 433 |[31m           [33m<[31m[33mGrid[31m item xs[33m=[31m{[35m12[31m} sm[33m=[31m{[35m6[31m} md[33m=[31m{[35m4[31m} lg[33m=[31m{[35m3[31m} xl[33m=[31m{[35m2[31m} key[33m=[31m{month[33m.[31mmonth}[33m>[31m
 [90m 434 |[31m             [33m<[31m[33mCard[31m[0m[39m
  Plugin: [35mvite:react-babel[39m
  File: [36mF:/Documents/报销单开发/frontend/src/pages/Dashboard.jsx[39m:431:55
[33m  429|      <Grid container spacing={1.25}>
  430|        {months.map((month, index) => {
  431|          const showYear = month.showYear ?? index === 0 || month.monthNumber === 1;
     |                                                         ^
  432|          return (
  433|            <Grid item xs={12} sm={6} md={4} lg={3} xl={2} key={month.month}>[39m
      at constructor (F:\Documents\报销单开发\frontend\node_modules\@babel\parser\lib\index.js:365:19)
      at JSXParserMixin.raise (F:\Documents\报销单开发\frontend\node_modules\@babel\parser\lib\index.js:6616:19)
      at JSXParserMixin.parseExprOp (F:\Documents\报销单开发\frontend\node_modules\@babel\parser\lib\index.js:10968:22)
      at JSXParserMixin.parseExprOps (F:\Documents\报销单开发\frontend\node_modules\@babel\parser\lib\index.js:10925:17)
      at JSXParserMixin.parseMaybeConditional (F:\Documents\报销单开发\frontend\node_modules\@babel\parser\lib\index.js:10898:23)
      at JSXParserMixin.parseMaybeAssign (F:\Documents\报销单开发\frontend\node_modules\@babel\parser\lib\index.js:10848:21)
      at F:\Documents\报销单开发\frontend\node_modules\@babel\parser\lib\index.js:10817:39
      at JSXParserMixin.allowInAnd (F:\Documents\报销单开发\frontend\node_modules\@babel\parser\lib\index.js:12438:16)
      at JSXParserMixin.parseMaybeAssignAllowIn (F:\Documents\报销单开发\frontend\node_modules\@babel\parser\lib\index.js:10817:17)
      at JSXParserMixin.parseVar (F:\Documents\报销单开发\frontend\node_modules\@babel\parser\lib\index.js:13401:91)
      at JSXParserMixin.parseVarStatement (F:\Documents\报销单开发\frontend\node_modules\@babel\parser\lib\index.js:13247:10)
      at JSXParserMixin.parseStatementContent (F:\Documents\报销单开发\frontend\node_modules\@babel\parser\lib\index.js:12868:23)
      at JSXParserMixin.parseStatementLike (F:\Documents\报销单开发\frontend\node_modules\@babel\parser\lib\index.js:12784:17)
      at JSXParserMixin.parseStatementListItem (F:\Documents\报销单开发\frontend\node_modules\@babel\parser\lib\index.js:12764:17)
      at JSXParserMixin.parseBlockOrModuleBlockBody (F:\Documents\报销单开发\frontend\node_modules\@babel\parser\lib\index.js:13333:61)
      at JSXParserMixin.parseBlockBody (F:\Documents\报销单开发\frontend\node_modules\@babel\parser\lib\index.js:13326:10)
      at JSXParserMixin.parseBlock (F:\Documents\报销单开发\frontend\node_modules\@babel\parser\lib\index.js:13314:10)
      at JSXParserMixin.parseFunctionBody (F:\Documents\报销单开发\frontend\node_modules\@babel\parser\lib\index.js:12117:24)
      at JSXParserMixin.parseArrowExpression (F:\Documents\报销单开发\frontend\node_modules\@babel\parser\lib\index.js:12092:10)
      at JSXParserMixin.parseParenAndDistinguishExpression (F:\Documents\报销单开发\frontend\node_modules\@babel\parser\lib\index.js:11704:12)
      at JSXParserMixin.parseExprAtom (F:\Documents\报销单开发\frontend\node_modules\@babel\parser\lib\index.js:11348:23)
      at JSXParserMixin.parseExprAtom (F:\Documents\报销单开发\frontend\node_modules\@babel\parser\lib\index.js:4776:20)
      at JSXParserMixin.parseExprSubscripts (F:\Documents\报销单开发\frontend\node_modules\@babel\parser\lib\index.js:11098:23)
      at JSXParserMixin.parseUpdate (F:\Documents\报销单开发\frontend\node_modules\@babel\parser\lib\index.js:11083:21)
      at JSXParserMixin.parseMaybeUnary (F:\Documents\报销单开发\frontend\node_modules\@babel\parser\lib\index.js:11063:23)
      at JSXParserMixin.parseMaybeUnaryOrPrivate (F:\Documents\报销单开发\frontend\node_modules\@babel\parser\lib\index.js:10916:61)
      at JSXParserMixin.parseExprOps (F:\Documents\报销单开发\frontend\node_modules\@babel\parser\lib\index.js:10921:23)
      at JSXParserMixin.parseMaybeConditional (F:\Documents\报销单开发\frontend\node_modules\@babel\parser\lib\index.js:10898:23)
      at JSXParserMixin.parseMaybeAssign (F:\Documents\报销单开发\frontend\node_modules\@babel\parser\lib\index.js:10848:21)
      at F:\Documents\报销单开发\frontend\node_modules\@babel\parser\lib\index.js:10817:39
      at JSXParserMixin.allowInAnd (F:\Documents\报销单开发\frontend\node_modules\@babel\parser\lib\index.js:12443:12)
      at JSXParserMixin.parseMaybeAssignAllowIn (F:\Documents\报销单开发\frontend\node_modules\@babel\parser\lib\index.js:10817:17)
      at JSXParserMixin.parseMaybeAssignAllowInOrVoidPattern (F:\Documents\报销单开发\frontend\node_modules\@babel\parser\lib\index.js:12510:17)
      at JSXParserMixin.parseExprListItem (F:\Documents\报销单开发\frontend\node_modules\@babel\parser\lib\index.js:12192:18)
      at JSXParserMixin.parseCallExpressionArguments (F:\Documents\报销单开发\frontend\node_modules\@babel\parser\lib\index.js:11269:22)
      at JSXParserMixin.parseCoverCallAndAsyncArrowHead (F:\Documents\报销单开发\frontend\node_modules\@babel\parser\lib\index.js:11203:29)
      at JSXParserMixin.parseSubscript (F:\Documents\报销单开发\frontend\node_modules\@babel\parser\lib\index.js:11137:19)
      at JSXParserMixin.parseSubscripts (F:\Documents\报销单开发\frontend\node_modules\@babel\parser\lib\index.js:11111:19)
      at JSXParserMixin.parseExprSubscripts (F:\Documents\报销单开发\frontend\node_modules\@babel\parser\lib\index.js:11102:17)
      at JSXParserMixin.parseUpdate (F:\Documents\报销单开发\frontend\node_modules\@babel\parser\lib\index.js:11083:21)
      at JSXParserMixin.parseMaybeUnary (F:\Documents\报销单开发\frontend\node_modules\@babel\parser\lib\index.js:11063:23)
      at JSXParserMixin.parseMaybeUnaryOrPrivate (F:\Documents\报销单开发\frontend\node_modules\@babel\parser\lib\index.js:10916:61)
      at JSXParserMixin.parseExprOps (F:\Documents\报销单开发\frontend\node_modules\@babel\parser\lib\index.js:10921:23)
      at JSXParserMixin.parseMaybeConditional (F:\Documents\报销单开发\frontend\node_modules\@babel\parser\lib\index.js:10898:23)
      at JSXParserMixin.parseMaybeAssign (F:\Documents\报销单开发\frontend\node_modules\@babel\parser\lib\index.js:10848:21)
      at JSXParserMixin.parseExpressionBase (F:\Documents\报销单开发\frontend\node_modules\@babel\parser\lib\index.js:10801:23)
      at F:\Documents\报销单开发\frontend\node_modules\@babel\parser\lib\index.js:10797:39
      at JSXParserMixin.allowInAnd (F:\Documents\报销单开发\frontend\node_modules\@babel\parser\lib\index.js:12443:12)
      at JSXParserMixin.parseExpression (F:\Documents\报销单开发\frontend\node_modules\@babel\parser\lib\index.js:10797:17)
      at JSXParserMixin.jsxParseExpressionContainer (F:\Documents\报销单开发\frontend\node_modules\@babel\parser\lib\index.js:4644:31)
[2m17:25:09[22m [31m[1m[vite][22m[39m [31mInternal server error: F:\Documents\报销单开发\frontend\src\pages\Dashboard.jsx: Nullish coalescing operator(??) requires parens when mixing with logical operators. (430:55)

[0m [90m 428 |[31m     [33m<[31m[33mGrid[31m container spacing[33m=[31m{[35m1.25[31m}[33m>[31m
 [90m 429 |[31m       {months[33m.[31mmap((month[33m,[31m index) [33m=>[31m {
[31m[1m>[22m[31m[90m 430 |[31m         [36mconst[31m showYear [33m=[31m month[33m.[31mshowYear [33m?[31m[33m?[31m index [33m===[31m [35m0[31m [33m||[31m month[33m.[31mmonthNumber [33m===[31m [35m1[31m[33m;[31m
 [90m     |[31m                                                        [31m[1m^[22m[31m
 [90m 431 |[31m         [36mreturn[31m (
 [90m 432 |[31m           [33m<[31m[33mGrid[31m item xs[33m=[31m{[35m12[31m} sm[33m=[31m{[35m6[31m} md[33m=[31m{[35m4[31m} lg[33m=[31m{[35m3[31m} xl[33m=[31m{[35m2[31m} key[33m=[31m{month[33m.[31mmonth}[33m>[31m
 [90m 433 |[31m             [33m<[31m[33mCard[31m[0m[39m
  Plugin: [35mvite:react-babel[39m
  File: [36mF:/Documents/报销单开发/frontend/src/pages/Dashboard.jsx[39m:430:55
[33m  428|      <Grid container spacing={1.25}>
  429|        {months.map((month, index) => {
  430|          const showYear = month.showYear ?? index === 0 || month.monthNumber === 1;
     |                                                         ^
  431|          return (
  432|            <Grid item xs={12} sm={6} md={4} lg={3} xl={2} key={month.month}>[39m
      at constructor (F:\Documents\报销单开发\frontend\node_modules\@babel\parser\lib\index.js:365:19)
      at JSXParserMixin.raise (F:\Documents\报销单开发\frontend\node_modules\@babel\parser\lib\index.js:6616:19)
      at JSXParserMixin.parseExprOp (F:\Documents\报销单开发\frontend\node_modules\@babel\parser\lib\index.js:10968:22)
      at JSXParserMixin.parseExprOps (F:\Documents\报销单开发\frontend\node_modules\@babel\parser\lib\index.js:10925:17)
      at JSXParserMixin.parseMaybeConditional (F:\Documents\报销单开发\frontend\node_modules\@babel\parser\lib\index.js:10898:23)
      at JSXParserMixin.parseMaybeAssign (F:\Documents\报销单开发\frontend\node_modules\@babel\parser\lib\index.js:10848:21)
      at F:\Documents\报销单开发\frontend\node_modules\@babel\parser\lib\index.js:10817:39
      at JSXParserMixin.allowInAnd (F:\Documents\报销单开发\frontend\node_modules\@babel\parser\lib\index.js:12438:16)
      at JSXParserMixin.parseMaybeAssignAllowIn (F:\Documents\报销单开发\frontend\node_modules\@babel\parser\lib\index.js:10817:17)
      at JSXParserMixin.parseVar (F:\Documents\报销单开发\frontend\node_modules\@babel\parser\lib\index.js:13401:91)
      at JSXParserMixin.parseVarStatement (F:\Documents\报销单开发\frontend\node_modules\@babel\parser\lib\index.js:13247:10)
      at JSXParserMixin.parseStatementContent (F:\Documents\报销单开发\frontend\node_modules\@babel\parser\lib\index.js:12868:23)
      at JSXParserMixin.parseStatementLike (F:\Documents\报销单开发\frontend\node_modules\@babel\parser\lib\index.js:12784:17)
      at JSXParserMixin.parseStatementListItem (F:\Documents\报销单开发\frontend\node_modules\@babel\parser\lib\index.js:12764:17)
      at JSXParserMixin.parseBlockOrModuleBlockBody (F:\Documents\报销单开发\frontend\node_modules\@babel\parser\lib\index.js:13333:61)
      at JSXParserMixin.parseBlockBody (F:\Documents\报销单开发\frontend\node_modules\@babel\parser\lib\index.js:13326:10)
      at JSXParserMixin.parseBlock (F:\Documents\报销单开发\frontend\node_modules\@babel\parser\lib\index.js:13314:10)
      at JSXParserMixin.parseFunctionBody (F:\Documents\报销单开发\frontend\node_modules\@babel\parser\lib\index.js:12117:24)
      at JSXParserMixin.parseArrowExpression (F:\Documents\报销单开发\frontend\node_modules\@babel\parser\lib\index.js:12092:10)
      at JSXParserMixin.parseParenAndDistinguishExpression (F:\Documents\报销单开发\frontend\node_modules\@babel\parser\lib\index.js:11704:12)
      at JSXParserMixin.parseExprAtom (F:\Documents\报销单开发\frontend\node_modules\@babel\parser\lib\index.js:11348:23)
      at JSXParserMixin.parseExprAtom (F:\Documents\报销单开发\frontend\node_modules\@babel\parser\lib\index.js:4776:20)
      at JSXParserMixin.parseExprSubscripts (F:\Documents\报销单开发\frontend\node_modules\@babel\parser\lib\index.js:11098:23)
      at JSXParserMixin.parseUpdate (F:\Documents\报销单开发\frontend\node_modules\@babel\parser\lib\index.js:11083:21)
      at JSXParserMixin.parseMaybeUnary (F:\Documents\报销单开发\frontend\node_modules\@babel\parser\lib\index.js:11063:23)
      at JSXParserMixin.parseMaybeUnaryOrPrivate (F:\Documents\报销单开发\frontend\node_modules\@babel\parser\lib\index.js:10916:61)
      at JSXParserMixin.parseExprOps (F:\Documents\报销单开发\frontend\node_modules\@babel\parser\lib\index.js:10921:23)
      at JSXParserMixin.parseMaybeConditional (F:\Documents\报销单开发\frontend\node_modules\@babel\parser\lib\index.js:10898:23)
      at JSXParserMixin.parseMaybeAssign (F:\Documents\报销单开发\frontend\node_modules\@babel\parser\lib\index.js:10848:21)
      at F:\Documents\报销单开发\frontend\node_modules\@babel\parser\lib\index.js:10817:39
      at JSXParserMixin.allowInAnd (F:\Documents\报销单开发\frontend\node_modules\@babel\parser\lib\index.js:12443:12)
      at JSXParserMixin.parseMaybeAssignAllowIn (F:\Documents\报销单开发\frontend\node_modules\@babel\parser\lib\index.js:10817:17)
      at JSXParserMixin.parseMaybeAssignAllowInOrVoidPattern (F:\Documents\报销单开发\frontend\node_modules\@babel\parser\lib\index.js:12510:17)
      at JSXParserMixin.parseExprListItem (F:\Documents\报销单开发\frontend\node_modules\@babel\parser\lib\index.js:12192:18)
      at JSXParserMixin.parseCallExpressionArguments (F:\Documents\报销单开发\frontend\node_modules\@babel\parser\lib\index.js:11269:22)
      at JSXParserMixin.parseCoverCallAndAsyncArrowHead (F:\Documents\报销单开发\frontend\node_modules\@babel\parser\lib\index.js:11203:29)
      at JSXParserMixin.parseSubscript (F:\Documents\报销单开发\frontend\node_modules\@babel\parser\lib\index.js:11137:19)
      at JSXParserMixin.parseSubscripts (F:\Documents\报销单开发\frontend\node_modules\@babel\parser\lib\index.js:11111:19)
      at JSXParserMixin.parseExprSubscripts (F:\Documents\报销单开发\frontend\node_modules\@babel\parser\lib\index.js:11102:17)
      at JSXParserMixin.parseUpdate (F:\Documents\报销单开发\frontend\node_modules\@babel\parser\lib\index.js:11083:21)
      at JSXParserMixin.parseMaybeUnary (F:\Documents\报销单开发\frontend\node_modules\@babel\parser\lib\index.js:11063:23)
      at JSXParserMixin.parseMaybeUnaryOrPrivate (F:\Documents\报销单开发\frontend\node_modules\@babel\parser\lib\index.js:10916:61)
      at JSXParserMixin.parseExprOps (F:\Documents\报销单开发\frontend\node_modules\@babel\parser\lib\index.js:10921:23)
      at JSXParserMixin.parseMaybeConditional (F:\Documents\报销单开发\frontend\node_modules\@babel\parser\lib\index.js:10898:23)
      at JSXParserMixin.parseMaybeAssign (F:\Documents\报销单开发\frontend\node_modules\@babel\parser\lib\index.js:10848:21)
      at JSXParserMixin.parseExpressionBase (F:\Documents\报销单开发\frontend\node_modules\@babel\parser\lib\index.js:10801:23)
      at F:\Documents\报销单开发\frontend\node_modules\@babel\parser\lib\index.js:10797:39
      at JSXParserMixin.allowInAnd (F:\Documents\报销单开发\frontend\node_modules\@babel\parser\lib\index.js:12443:12)
      at JSXParserMixin.parseExpression (F:\Documents\报销单开发\frontend\node_modules\@babel\parser\lib\index.js:10797:17)
      at JSXParserMixin.jsxParseExpressionContainer (F:\Documents\报销单开发\frontend\node_modules\@babel\parser\lib\index.js:4644:31)
[2m17:25:09[22m [31m[1m[vite][22m[39m [31mInternal server error: F:\Documents\报销单开发\frontend\src\pages\Dashboard.jsx: Nullish coalescing operator(??) requires parens when mixing with logical operators. (430:55)

[0m [90m 428 |[31m     [33m<[31m[33mGrid[31m container spacing[33m=[31m{[35m1.25[31m}[33m>[31m
 [90m 429 |[31m       {months[33m.[31mmap((month[33m,[31m index) [33m=>[31m {
[31m[1m>[22m[31m[90m 430 |[31m         [36mconst[31m showYear [33m=[31m month[33m.[31mshowYear [33m?[31m[33m?[31m index [33m===[31m [35m0[31m [33m||[31m month[33m.[31mmonthNumber [33m===[31m [35m1[31m[33m;[31m
 [90m     |[31m                                                        [31m[1m^[22m[31m
 [90m 431 |[31m         [36mreturn[31m (
 [90m 432 |[31m           [33m<[31m[33mGrid[31m item xs[33m=[31m{[35m12[31m} sm[33m=[31m{[35m6[31m} md[33m=[31m{[35m4[31m} lg[33m=[31m{[35m3[31m} xl[33m=[31m{[35m2[31m} key[33m=[31m{month[33m.[31mmonth}[33m>[31m
 [90m 433 |[31m             [33m<[31m[33mCard[31m[0m[39m
  Plugin: [35mvite:react-babel[39m
  File: [36mF:/Documents/报销单开发/frontend/src/pages/Dashboard.jsx[39m:430:55
[33m  428|      <Grid container spacing={1.25}>
  429|        {months.map((month, index) => {
  430|          const showYear = month.showYear ?? index === 0 || month.monthNumber === 1;
     |                                                         ^
  431|          return (
  432|            <Grid item xs={12} sm={6} md={4} lg={3} xl={2} key={month.month}>[39m
      at constructor (F:\Documents\报销单开发\frontend\node_modules\@babel\parser\lib\index.js:365:19)
      at JSXParserMixin.raise (F:\Documents\报销单开发\frontend\node_modules\@babel\parser\lib\index.js:6616:19)
      at JSXParserMixin.parseExprOp (F:\Documents\报销单开发\frontend\node_modules\@babel\parser\lib\index.js:10968:22)
      at JSXParserMixin.parseExprOps (F:\Documents\报销单开发\frontend\node_modules\@babel\parser\lib\index.js:10925:17)
      at JSXParserMixin.parseMaybeConditional (F:\Documents\报销单开发\frontend\node_modules\@babel\parser\lib\index.js:10898:23)
      at JSXParserMixin.parseMaybeAssign (F:\Documents\报销单开发\frontend\node_modules\@babel\parser\lib\index.js:10848:21)
      at F:\Documents\报销单开发\frontend\node_modules\@babel\parser\lib\index.js:10817:39
      at JSXParserMixin.allowInAnd (F:\Documents\报销单开发\frontend\node_modules\@babel\parser\lib\index.js:12438:16)
      at JSXParserMixin.parseMaybeAssignAllowIn (F:\Documents\报销单开发\frontend\node_modules\@babel\parser\lib\index.js:10817:17)
      at JSXParserMixin.parseVar (F:\Documents\报销单开发\frontend\node_modules\@babel\parser\lib\index.js:13401:91)
      at JSXParserMixin.parseVarStatement (F:\Documents\报销单开发\frontend\node_modules\@babel\parser\lib\index.js:13247:10)
      at JSXParserMixin.parseStatementContent (F:\Documents\报销单开发\frontend\node_modules\@babel\parser\lib\index.js:12868:23)
      at JSXParserMixin.parseStatementLike (F:\Documents\报销单开发\frontend\node_modules\@babel\parser\lib\index.js:12784:17)
      at JSXParserMixin.parseStatementListItem (F:\Documents\报销单开发\frontend\node_modules\@babel\parser\lib\index.js:12764:17)
      at JSXParserMixin.parseBlockOrModuleBlockBody (F:\Documents\报销单开发\frontend\node_modules\@babel\parser\lib\index.js:13333:61)
      at JSXParserMixin.parseBlockBody (F:\Documents\报销单开发\frontend\node_modules\@babel\parser\lib\index.js:13326:10)
      at JSXParserMixin.parseBlock (F:\Documents\报销单开发\frontend\node_modules\@babel\parser\lib\index.js:13314:10)
      at JSXParserMixin.parseFunctionBody (F:\Documents\报销单开发\frontend\node_modules\@babel\parser\lib\index.js:12117:24)
      at JSXParserMixin.parseArrowExpression (F:\Documents\报销单开发\frontend\node_modules\@babel\parser\lib\index.js:12092:10)
      at JSXParserMixin.parseParenAndDistinguishExpression (F:\Documents\报销单开发\frontend\node_modules\@babel\parser\lib\index.js:11704:12)
      at JSXParserMixin.parseExprAtom (F:\Documents\报销单开发\frontend\node_modules\@babel\parser\lib\index.js:11348:23)
      at JSXParserMixin.parseExprAtom (F:\Documents\报销单开发\frontend\node_modules\@babel\parser\lib\index.js:4776:20)
      at JSXParserMixin.parseExprSubscripts (F:\Documents\报销单开发\frontend\node_modules\@babel\parser\lib\index.js:11098:23)
      at JSXParserMixin.parseUpdate (F:\Documents\报销单开发\frontend\node_modules\@babel\parser\lib\index.js:11083:21)
      at JSXParserMixin.parseMaybeUnary (F:\Documents\报销单开发\frontend\node_modules\@babel\parser\lib\index.js:11063:23)
      at JSXParserMixin.parseMaybeUnaryOrPrivate (F:\Documents\报销单开发\frontend\node_modules\@babel\parser\lib\index.js:10916:61)
      at JSXParserMixin.parseExprOps (F:\Documents\报销单开发\frontend\node_modules\@babel\parser\lib\index.js:10921:23)
      at JSXParserMixin.parseMaybeConditional (F:\Documents\报销单开发\frontend\node_modules\@babel\parser\lib\index.js:10898:23)
      at JSXParserMixin.parseMaybeAssign (F:\Documents\报销单开发\frontend\node_modules\@babel\parser\lib\index.js:10848:21)
      at F:\Documents\报销单开发\frontend\node_modules\@babel\parser\lib\index.js:10817:39
      at JSXParserMixin.allowInAnd (F:\Documents\报销单开发\frontend\node_modules\@babel\parser\lib\index.js:12443:12)
      at JSXParserMixin.parseMaybeAssignAllowIn (F:\Documents\报销单开发\frontend\node_modules\@babel\parser\lib\index.js:10817:17)
      at JSXParserMixin.parseMaybeAssignAllowInOrVoidPattern (F:\Documents\报销单开发\frontend\node_modules\@babel\parser\lib\index.js:12510:17)
      at JSXParserMixin.parseExprListItem (F:\Documents\报销单开发\frontend\node_modules\@babel\parser\lib\index.js:12192:18)
      at JSXParserMixin.parseCallExpressionArguments (F:\Documents\报销单开发\frontend\node_modules\@babel\parser\lib\index.js:11269:22)
      at JSXParserMixin.parseCoverCallAndAsyncArrowHead (F:\Documents\报销单开发\frontend\node_modules\@babel\parser\lib\index.js:11203:29)
      at JSXParserMixin.parseSubscript (F:\Documents\报销单开发\frontend\node_modules\@babel\parser\lib\index.js:11137:19)
      at JSXParserMixin.parseSubscripts (F:\Documents\报销单开发\frontend\node_modules\@babel\parser\lib\index.js:11111:19)
      at JSXParserMixin.parseExprSubscripts (F:\Documents\报销单开发\frontend\node_modules\@babel\parser\lib\index.js:11102:17)
      at JSXParserMixin.parseUpdate (F:\Documents\报销单开发\frontend\node_modules\@babel\parser\lib\index.js:11083:21)
      at JSXParserMixin.parseMaybeUnary (F:\Documents\报销单开发\frontend\node_modules\@babel\parser\lib\index.js:11063:23)
      at JSXParserMixin.parseMaybeUnaryOrPrivate (F:\Documents\报销单开发\frontend\node_modules\@babel\parser\lib\index.js:10916:61)
      at JSXParserMixin.parseExprOps (F:\Documents\报销单开发\frontend\node_modules\@babel\parser\lib\index.js:10921:23)
      at JSXParserMixin.parseMaybeConditional (F:\Documents\报销单开发\frontend\node_modules\@babel\parser\lib\index.js:10898:23)
      at JSXParserMixin.parseMaybeAssign (F:\Documents\报销单开发\frontend\node_modules\@babel\parser\lib\index.js:10848:21)
      at JSXParserMixin.parseExpressionBase (F:\Documents\报销单开发\frontend\node_modules\@babel\parser\lib\index.js:10801:23)
      at F:\Documents\报销单开发\frontend\node_modules\@babel\parser\lib\index.js:10797:39
      at JSXParserMixin.allowInAnd (F:\Documents\报销单开发\frontend\node_modules\@babel\parser\lib\index.js:12443:12)
      at JSXParserMixin.parseExpression (F:\Documents\报销单开发\frontend\node_modules\@babel\parser\lib\index.js:10797:17)
      at JSXParserMixin.jsxParseExpressionContainer (F:\Documents\报销单开发\frontend\node_modules\@babel\parser\lib\index.js:4644:31)
[2m20:33:04[22m [31m[1m[vite][22m[39m [31mInternal server error: F:\Documents\报销单开发\frontend\src\pages\Dashboard.jsx: Unexpected token (586:5)

[0m [90m 584 |[31m   [36mreturn[31m [32m`${value.getFullYear()}-${String(value.getMonth() + 1).padStart(2, "0")}-${String(value.getDate()).padStart(2, "0")}`[31m[33m;[31m
 [90m 585 |[31m }
[31m[1m>[22m[31m[90m 586 |[31m     [33m<[31m[33m/[31m[33mBox[31m[33m>[31m
 [90m     |[31m      [31m[1m^[22m[31m
 [90m 587 |[31m   )[33m;[31m
 [90m 588 |[31m }
 [90m 589 |[31m[0m[39m
  Plugin: [35mvite:react-babel[39m
  File: [36mF:/Documents/报销单开发/frontend/src/pages/Dashboard.jsx[39m:586:5
[33m  584|    return `${value.getFullYear()}-${String(value.getMonth() + 1).padStart(2, "0")}-${String(value.getDate()).padStart(2, "0")}`;
  585|  }
  586|      </Box>
     |       ^
  587|    );
  588|  }[39m
      at constructor (F:\Documents\报销单开发\frontend\node_modules\@babel\parser\lib\index.js:365:19)
      at JSXParserMixin.raise (F:\Documents\报销单开发\frontend\node_modules\@babel\parser\lib\index.js:6616:19)
      at JSXParserMixin.unexpected (F:\Documents\报销单开发\frontend\node_modules\@babel\parser\lib\index.js:6636:16)
      at JSXParserMixin.jsxParseIdentifier (F:\Documents\报销单开发\frontend\node_modules\@babel\parser\lib\index.js:4581:12)
      at JSXParserMixin.jsxParseNamespacedName (F:\Documents\报销单开发\frontend\node_modules\@babel\parser\lib\index.js:4588:23)
      at JSXParserMixin.jsxParseElementName (F:\Documents\报销单开发\frontend\node_modules\@babel\parser\lib\index.js:4597:21)
      at JSXParserMixin.jsxParseOpeningElementAt (F:\Documents\报销单开发\frontend\node_modules\@babel\parser\lib\index.js:4673:22)
      at JSXParserMixin.jsxParseElementAt (F:\Documents\报销单开发\frontend\node_modules\@babel\parser\lib\index.js:4698:33)
      at JSXParserMixin.jsxParseElement (F:\Documents\报销单开发\frontend\node_modules\@babel\parser\lib\index.js:4761:17)
      at JSXParserMixin.parseExprAtom (F:\Documents\报销单开发\frontend\node_modules\@babel\parser\lib\index.js:4774:19)
      at JSXParserMixin.parseExprSubscripts (F:\Documents\报销单开发\frontend\node_modules\@babel\parser\lib\index.js:11098:23)
      at JSXParserMixin.parseUpdate (F:\Documents\报销单开发\frontend\node_modules\@babel\parser\lib\index.js:11083:21)
      at JSXParserMixin.parseMaybeUnary (F:\Documents\报销单开发\frontend\node_modules\@babel\parser\lib\index.js:11063:23)
      at JSXParserMixin.parseMaybeUnaryOrPrivate (F:\Documents\报销单开发\frontend\node_modules\@babel\parser\lib\index.js:10916:61)
      at JSXParserMixin.parseExprOps (F:\Documents\报销单开发\frontend\node_modules\@babel\parser\lib\index.js:10921:23)
      at JSXParserMixin.parseMaybeConditional (F:\Documents\报销单开发\frontend\node_modules\@babel\parser\lib\index.js:10898:23)
      at JSXParserMixin.parseMaybeAssign (F:\Documents\报销单开发\frontend\node_modules\@babel\parser\lib\index.js:10848:21)
      at JSXParserMixin.parseExpressionBase (F:\Documents\报销单开发\frontend\node_modules\@babel\parser\lib\index.js:10801:23)
      at F:\Documents\报销单开发\frontend\node_modules\@babel\parser\lib\index.js:10797:39
      at JSXParserMixin.allowInAnd (F:\Documents\报销单开发\frontend\node_modules\@babel\parser\lib\index.js:12438:16)
      at JSXParserMixin.parseExpression (F:\Documents\报销单开发\frontend\node_modules\@babel\parser\lib\index.js:10797:17)
      at JSXParserMixin.parseStatementContent (F:\Documents\报销单开发\frontend\node_modules\@babel\parser\lib\index.js:12912:23)
      at JSXParserMixin.parseStatementLike (F:\Documents\报销单开发\frontend\node_modules\@babel\parser\lib\index.js:12784:17)
      at JSXParserMixin.parseModuleItem (F:\Documents\报销单开发\frontend\node_modules\@babel\parser\lib\index.js:12761:17)
      at JSXParserMixin.parseBlockOrModuleBlockBody (F:\Documents\报销单开发\frontend\node_modules\@babel\parser\lib\index.js:13333:36)
      at JSXParserMixin.parseBlockBody (F:\Documents\报销单开发\frontend\node_modules\@babel\parser\lib\index.js:13326:10)
      at JSXParserMixin.parseProgram (F:\Documents\报销单开发\frontend\node_modules\@babel\parser\lib\index.js:12639:10)
      at JSXParserMixin.parseTopLevel (F:\Documents\报销单开发\frontend\node_modules\@babel\parser\lib\index.js:12629:25)
      at JSXParserMixin.parse (F:\Documents\报销单开发\frontend\node_modules\@babel\parser\lib\index.js:14505:25)
      at parse (F:\Documents\报销单开发\frontend\node_modules\@babel\parser\lib\index.js:14539:38)
      at parser (F:\Documents\报销单开发\frontend\node_modules\@babel\core\lib\parser\index.js:41:34)
      at parser.next (<anonymous>)
      at normalizeFile (F:\Documents\报销单开发\frontend\node_modules\@babel\core\lib\transformation\normalize-file.js:51:37)
      at normalizeFile.next (<anonymous>)
      at run (F:\Documents\报销单开发\frontend\node_modules\@babel\core\lib\transformation\index.js:22:50)
      at run.next (<anonymous>)
      at transform (F:\Documents\报销单开发\frontend\node_modules\@babel\core\lib\transform.js:22:33)
      at transform.next (<anonymous>)
      at step (F:\Documents\报销单开发\frontend\node_modules\gensync\index.js:261:32)
      at F:\Documents\报销单开发\frontend\node_modules\gensync\index.js:273:13
      at async.call.result.err.err (F:\Documents\报销单开发\frontend\node_modules\gensync\index.js:223:11)
      at F:\Documents\报销单开发\frontend\node_modules\gensync\index.js:189:28
      at F:\Documents\报销单开发\frontend\node_modules\@babel\core\lib\gensync-utils\async.js:67:7
      at F:\Documents\报销单开发\frontend\node_modules\gensync\index.js:113:33
      at step (F:\Documents\报销单开发\frontend\node_modules\gensync\index.js:287:14)
      at F:\Documents\报销单开发\frontend\node_modules\gensync\index.js:273:13
      at async.call.result.err.err (F:\Documents\报销单开发\frontend\node_modules\gensync\index.js:223:11)
[2m20:33:04[22m [31m[1m[vite][22m[39m [31mInternal server error: F:\Documents\报销单开发\frontend\src\pages\Dashboard.jsx: Unexpected token (586:5)

[0m [90m 584 |[31m   [36mreturn[31m [32m`${value.getFullYear()}-${String(value.getMonth() + 1).padStart(2, "0")}-${String(value.getDate()).padStart(2, "0")}`[31m[33m;[31m
 [90m 585 |[31m }
[31m[1m>[22m[31m[90m 586 |[31m     [33m<[31m[33m/[31m[33mBox[31m[33m>[31m
 [90m     |[31m      [31m[1m^[22m[31m
 [90m 587 |[31m   )[33m;[31m
 [90m 588 |[31m }
 [90m 589 |[31m[0m[39m
  Plugin: [35mvite:react-babel[39m
  File: [36mF:/Documents/报销单开发/frontend/src/pages/Dashboard.jsx[39m:586:5
[33m  584|    return `${value.getFullYear()}-${String(value.getMonth() + 1).padStart(2, "0")}-${String(value.getDate()).padStart(2, "0")}`;
  585|  }
  586|      </Box>
     |       ^
  587|    );
  588|  }[39m
      at constructor (F:\Documents\报销单开发\frontend\node_modules\@babel\parser\lib\index.js:365:19)
      at JSXParserMixin.raise (F:\Documents\报销单开发\frontend\node_modules\@babel\parser\lib\index.js:6616:19)
      at JSXParserMixin.unexpected (F:\Documents\报销单开发\frontend\node_modules\@babel\parser\lib\index.js:6636:16)
      at JSXParserMixin.jsxParseIdentifier (F:\Documents\报销单开发\frontend\node_modules\@babel\parser\lib\index.js:4581:12)
      at JSXParserMixin.jsxParseNamespacedName (F:\Documents\报销单开发\frontend\node_modules\@babel\parser\lib\index.js:4588:23)
      at JSXParserMixin.jsxParseElementName (F:\Documents\报销单开发\frontend\node_modules\@babel\parser\lib\index.js:4597:21)
      at JSXParserMixin.jsxParseOpeningElementAt (F:\Documents\报销单开发\frontend\node_modules\@babel\parser\lib\index.js:4673:22)
      at JSXParserMixin.jsxParseElementAt (F:\Documents\报销单开发\frontend\node_modules\@babel\parser\lib\index.js:4698:33)
      at JSXParserMixin.jsxParseElement (F:\Documents\报销单开发\frontend\node_modules\@babel\parser\lib\index.js:4761:17)
      at JSXParserMixin.parseExprAtom (F:\Documents\报销单开发\frontend\node_modules\@babel\parser\lib\index.js:4774:19)
      at JSXParserMixin.parseExprSubscripts (F:\Documents\报销单开发\frontend\node_modules\@babel\parser\lib\index.js:11098:23)
      at JSXParserMixin.parseUpdate (F:\Documents\报销单开发\frontend\node_modules\@babel\parser\lib\index.js:11083:21)
      at JSXParserMixin.parseMaybeUnary (F:\Documents\报销单开发\frontend\node_modules\@babel\parser\lib\index.js:11063:23)
      at JSXParserMixin.parseMaybeUnaryOrPrivate (F:\Documents\报销单开发\frontend\node_modules\@babel\parser\lib\index.js:10916:61)
      at JSXParserMixin.parseExprOps (F:\Documents\报销单开发\frontend\node_modules\@babel\parser\lib\index.js:10921:23)
      at JSXParserMixin.parseMaybeConditional (F:\Documents\报销单开发\frontend\node_modules\@babel\parser\lib\index.js:10898:23)
      at JSXParserMixin.parseMaybeAssign (F:\Documents\报销单开发\frontend\node_modules\@babel\parser\lib\index.js:10848:21)
      at JSXParserMixin.parseExpressionBase (F:\Documents\报销单开发\frontend\node_modules\@babel\parser\lib\index.js:10801:23)
      at F:\Documents\报销单开发\frontend\node_modules\@babel\parser\lib\index.js:10797:39
      at JSXParserMixin.allowInAnd (F:\Documents\报销单开发\frontend\node_modules\@babel\parser\lib\index.js:12438:16)
      at JSXParserMixin.parseExpression (F:\Documents\报销单开发\frontend\node_modules\@babel\parser\lib\index.js:10797:17)
      at JSXParserMixin.parseStatementContent (F:\Documents\报销单开发\frontend\node_modules\@babel\parser\lib\index.js:12912:23)
      at JSXParserMixin.parseStatementLike (F:\Documents\报销单开发\frontend\node_modules\@babel\parser\lib\index.js:12784:17)
      at JSXParserMixin.parseModuleItem (F:\Documents\报销单开发\frontend\node_modules\@babel\parser\lib\index.js:12761:17)
      at JSXParserMixin.parseBlockOrModuleBlockBody (F:\Documents\报销单开发\frontend\node_modules\@babel\parser\lib\index.js:13333:36)
      at JSXParserMixin.parseBlockBody (F:\Documents\报销单开发\frontend\node_modules\@babel\parser\lib\index.js:13326:10)
      at JSXParserMixin.parseProgram (F:\Documents\报销单开发\frontend\node_modules\@babel\parser\lib\index.js:12639:10)
      at JSXParserMixin.parseTopLevel (F:\Documents\报销单开发\frontend\node_modules\@babel\parser\lib\index.js:12629:25)
      at JSXParserMixin.parse (F:\Documents\报销单开发\frontend\node_modules\@babel\parser\lib\index.js:14505:25)
      at parse (F:\Documents\报销单开发\frontend\node_modules\@babel\parser\lib\index.js:14539:38)
      at parser (F:\Documents\报销单开发\frontend\node_modules\@babel\core\lib\parser\index.js:41:34)
      at parser.next (<anonymous>)
      at normalizeFile (F:\Documents\报销单开发\frontend\node_modules\@babel\core\lib\transformation\normalize-file.js:51:37)
      at normalizeFile.next (<anonymous>)
      at run (F:\Documents\报销单开发\frontend\node_modules\@babel\core\lib\transformation\index.js:22:50)
      at run.next (<anonymous>)
      at transform (F:\Documents\报销单开发\frontend\node_modules\@babel\core\lib\transform.js:22:33)
      at transform.next (<anonymous>)
      at step (F:\Documents\报销单开发\frontend\node_modules\gensync\index.js:261:32)
      at F:\Documents\报销单开发\frontend\node_modules\gensync\index.js:273:13
      at async.call.result.err.err (F:\Documents\报销单开发\frontend\node_modules\gensync\index.js:223:11)
      at F:\Documents\报销单开发\frontend\node_modules\gensync\index.js:189:28
      at F:\Documents\报销单开发\frontend\node_modules\@babel\core\lib\gensync-utils\async.js:67:7
      at F:\Documents\报销单开发\frontend\node_modules\gensync\index.js:113:33
      at step (F:\Documents\报销单开发\frontend\node_modules\gensync\index.js:287:14)
      at F:\Documents\报销单开发\frontend\node_modules\gensync\index.js:273:13
      at async.call.result.err.err (F:\Documents\报销单开发\frontend\node_modules\gensync\index.js:223:11)
